CCS PCH C Compiler, Version 4.124, 5967               22-abr-13 08:32

               Filename: E:\Eletronica\Projetos\LCD232\ctrl.lst

               ROM used: 468 bytes (1%)
                         Largest free fragment is 32300
               RAM used: 6 (0%) at main() level
                         14 (1%) worst case
               Stack:    2 locations

*
0000:  GOTO   0158
.................... /* 
....................  * ctrl.c 
....................  * 
....................  *  Created on: 04/10/2012 
....................  *      Author: cuki 
....................  */ 
.................... #include<18F452.h> 
.................... //////// Standard Header file for the PIC18F452 device //////////////// 
.................... #device PIC18F452 
.................... #list 
....................  
....................  
.................... #fuses HS,NOOSCSEN,NOPUT,NOBROWNOUT,NOWDT,NOSTVREN,NOLVP,NODEBUG,NOPROTECT,NOCPB,NOCPD,NOWRT,NOWRTC,NOWRTB,NOWRTD,NOEBTR,NOEBTRB 
.................... #use delay(clock=8MHz) 
*
0016:  CLRF   FEA
0018:  MOVLW  06
001A:  MOVWF  FE9
001C:  MOVF   FEF,W
001E:  BZ    003A
0020:  MOVLW  02
0022:  MOVWF  01
0024:  CLRF   00
0026:  DECFSZ 00,F
0028:  BRA    0026
002A:  DECFSZ 01,F
002C:  BRA    0024
002E:  MOVLW  97
0030:  MOVWF  00
0032:  DECFSZ 00,F
0034:  BRA    0032
0036:  DECFSZ FEF,F
0038:  BRA    0020
003A:  RETURN 0
.................... #use rs232(baud=9600,xmit=pin_c6,rcv=pin_c7) 
....................  
.................... int cont; 
....................  
.................... int main(void) { 
*
0158:  CLRF   FF8
015A:  BCF    FD0.7
015C:  CLRF   FEA
015E:  CLRF   FE9
0160:  MOVLW  0C
0162:  MOVWF  FAF
0164:  MOVLW  A2
0166:  MOVWF  FAC
0168:  MOVLW  90
016A:  MOVWF  FAB
016C:  BSF    FC1.0
016E:  BSF    FC1.1
0170:  BSF    FC1.2
0172:  BCF    FC1.3
.................... 	delay_ms(1000); 
0174:  MOVLW  04
0176:  MOVWF  05
0178:  MOVLW  FA
017A:  MOVWF  06
017C:  RCALL  0016
017E:  DECFSZ 05,F
0180:  BRA    0178
.................... 	printf("\fInicio"); 
0182:  MOVLW  04
0184:  MOVWF  FF6
0186:  MOVLW  00
0188:  MOVWF  FF7
018A:  RCALL  003C
.................... 	printf("\nSegunda"); 
018C:  MOVLW  0C
018E:  MOVWF  FF6
0190:  MOVLW  00
0192:  MOVWF  FF7
0194:  RCALL  003C
.................... 	while (TRUE) { 
.................... 		if (!input(PIN_A0)) { 
0196:  BSF    F92.0
0198:  BTFSC  F80.0
019A:  BRA    01CC
.................... 			delay_ms(50); 
019C:  MOVLW  32
019E:  MOVWF  06
01A0:  RCALL  0016
.................... 			if (!input(PIN_A0)) { 
01A2:  BSF    F92.0
01A4:  BTFSC  F80.0
01A6:  BRA    01CC
.................... 				cont++; 
01A8:  INCF   04,F
.................... 				printf("%c-%d ", cont, cont); 
01AA:  MOVF   04,W
01AC:  BTFSS  F9E.4
01AE:  BRA    01AC
01B0:  MOVWF  FAD
01B2:  MOVLW  2D
01B4:  BTFSS  F9E.4
01B6:  BRA    01B4
01B8:  MOVWF  FAD
01BA:  MOVFF  04,05
01BE:  MOVLW  1F
01C0:  MOVWF  06
01C2:  BRA    0086
01C4:  MOVLW  20
01C6:  BTFSS  F9E.4
01C8:  BRA    01C6
01CA:  MOVWF  FAD
.................... 			} 
.................... 		} 
.................... 	} 
01CC:  BRA    0196
.................... 	return 0; 
01CE:  MOVLW  00
01D0:  MOVWF  01
.................... } 
01D2:  SLEEP 

Configuration Fuses:
   Word  1: 2200   HS NOOSCSEN
   Word  2: 0E0D   NOPUT NOBROWNOUT BORV20 NOWDT WDT128
   Word  3: 0100   CCP2C1
   Word  4: 0080   NOSTVREN NOLVP NODEBUG
   Word  5: C00F   NOPROTECT NOCPB NOCPD
   Word  6: E00F   NOWRT NOWRTC NOWRTB NOWRTD
   Word  7: 400F   NOEBTR NOEBTRB
