CCS PCH C Compiler, Version 4.140, 31805               25-fev-14 11:16

               Filename:   D:\Eletronica\Projetos\LCD232\ctrl.lst

               ROM used:   230 bytes (1%)
                           Largest free fragment is 32538
               RAM used:   6 (0%) at main() level
                           7 (0%) worst case
               Stack:     1 locations

*
0000:  GOTO   0084
.................... /* 
....................  * ctrl.c 
....................  * 
....................  *  Created on: 04/10/2012 
....................  *      Author: cuki 
....................  */ 
.................... #include<18F452.h> 
.................... //////// Standard Header file for the PIC18F452 device //////////////// 
.................... #device PIC18F452 
.................... #list 
....................  
....................  
.................... #fuses HS,NOOSCSEN,NOPUT,NOBROWNOUT,NOWDT,NOSTVREN,NOLVP,NODEBUG,NOPROTECT,NOCPB,NOCPD,NOWRT,NOWRTC,NOWRTB,NOWRTD,NOEBTR,NOEBTRB 
.................... #use delay(clock=8MHz) 
*
003C:  CLRF   FEA
003E:  MOVLW  06
0040:  MOVWF  FE9
0042:  MOVF   FEF,W
0044:  BZ    0060
0046:  MOVLW  02
0048:  MOVWF  01
004A:  CLRF   00
004C:  DECFSZ 00,F
004E:  BRA    004C
0050:  DECFSZ 01,F
0052:  BRA    004A
0054:  MOVLW  97
0056:  MOVWF  00
0058:  DECFSZ 00,F
005A:  BRA    0058
005C:  DECFSZ FEF,F
005E:  BRA    0046
0060:  RETURN 0
.................... #use rs232(baud=9600,xmit=pin_c6,rcv=pin_c7) 
....................  
.................... int cont; 
....................  
.................... int main(void) { 
*
0084:  CLRF   FF8
0086:  BCF    FD0.7
0088:  CLRF   FEA
008A:  CLRF   FE9
008C:  MOVLW  0C
008E:  MOVWF  FAF
0090:  MOVLW  A2
0092:  MOVWF  FAC
0094:  MOVLW  90
0096:  MOVWF  FAB
0098:  BSF    FC1.0
009A:  BSF    FC1.1
009C:  BSF    FC1.2
009E:  BCF    FC1.3
.................... 	delay_ms(1000); 
00A0:  MOVLW  04
00A2:  MOVWF  05
00A4:  MOVLW  FA
00A6:  MOVWF  06
00A8:  RCALL  003C
00AA:  DECFSZ 05,F
00AC:  BRA    00A4
.................... 	printf("\fInicio"); 
00AE:  MOVLW  04
00B0:  MOVWF  FF6
00B2:  MOVLW  00
00B4:  MOVWF  FF7
00B6:  RCALL  0062
.................... 	printf("\nSegunda"); 
00B8:  MOVLW  0C
00BA:  MOVWF  FF6
00BC:  MOVLW  00
00BE:  MOVWF  FF7
00C0:  RCALL  0062
.................... 	while (TRUE) { 
.................... 		if (!input(PIN_A0)) { 
00C2:  BSF    F92.0
00C4:  BTFSC  F80.0
00C6:  BRA    00DE
.................... 			delay_ms(50); 
00C8:  MOVLW  32
00CA:  MOVWF  06
00CC:  RCALL  003C
.................... 			if (!input(PIN_A0)) { 
00CE:  BSF    F92.0
00D0:  BTFSC  F80.0
00D2:  BRA    00DE
.................... 				printf("\f12345678901234567890123456789012345"); 
00D4:  MOVLW  16
00D6:  MOVWF  FF6
00D8:  MOVLW  00
00DA:  MOVWF  FF7
00DC:  RCALL  0062
.................... 			} 
.................... 		} 
.................... 	} 
00DE:  BRA    00C2
.................... 	return 0; 
00E0:  MOVLW  00
00E2:  MOVWF  01
.................... } 
00E4:  SLEEP 

Configuration Fuses:
   Word  1: 2200   HS NOOSCSEN
   Word  2: 0E0D   NOPUT NOBROWNOUT BORV20 NOWDT WDT128
   Word  3: 0100   CCP2C1
   Word  4: 0080   NOSTVREN NOLVP NODEBUG
   Word  5: C00F   NOPROTECT NOCPB NOCPD
   Word  6: E00F   NOWRT NOWRTC NOWRTB NOWRTD
   Word  7: 400F   NOEBTR NOEBTRB
