CCS PCM C Compiler, Version 4.124, 5967               22-abr-13 08:27

               Filename: E:\Eletronica\Projetos\LCD232\lcd232.lst

               ROM used: 683 words (33%)
                         Largest free fragment is 1365
               RAM used: 53 (24%) at main() level
                         68 (30%) worst case
               Stack:    8 worst case (4 in main + 4 for interrupts)

*
0000:  MOVLW  01
0001:  MOVWF  0A
0002:  GOTO   1F3
0003:  NOP
0004:  MOVWF  7F
0005:  SWAPF  03,W
0006:  CLRF   03
0007:  MOVWF  21
0008:  MOVF   7F,W
0009:  MOVWF  20
000A:  MOVF   0A,W
000B:  MOVWF  27
000C:  CLRF   0A
000D:  SWAPF  20,F
000E:  MOVF   04,W
000F:  MOVWF  22
0010:  MOVF   77,W
0011:  MOVWF  23
0012:  MOVF   78,W
0013:  MOVWF  24
0014:  MOVF   79,W
0015:  MOVWF  25
0016:  MOVF   7A,W
0017:  MOVWF  26
0018:  BCF    03.7
0019:  BCF    03.5
001A:  MOVLW  8C
001B:  MOVWF  04
001C:  BTFSS  00.5
001D:  GOTO   020
001E:  BTFSC  0C.5
001F:  GOTO   0B3
0020:  BTFSS  0B.5
0021:  GOTO   024
0022:  BTFSC  0B.2
0023:  GOTO   03E
0024:  MOVF   22,W
0025:  MOVWF  04
0026:  MOVF   23,W
0027:  MOVWF  77
0028:  MOVF   24,W
0029:  MOVWF  78
002A:  MOVF   25,W
002B:  MOVWF  79
002C:  MOVF   26,W
002D:  MOVWF  7A
002E:  MOVF   27,W
002F:  MOVWF  0A
0030:  SWAPF  21,W
0031:  MOVWF  03
0032:  SWAPF  7F,F
0033:  SWAPF  7F,W
0034:  RETFIE
.................... /* 
....................  * lcd232.c 
....................  * 
....................  *  Created on: 01/10/2012 
....................  *      Author: cuki 
....................  */ 
....................  
.................... #include<16F628A.h> 
.................... //////// Standard Header file for the PIC16F628A device //////////////// 
.................... #device PIC16F628A 
.................... #list 
....................  
.................... #zero_ram 
....................  
.................... #fuses NOWDT,NOPUT,INTRC_IO,NOMCLR,NOBROWNOUT,NOLVP,NOCPD,NOPROTECT 
.................... #use delay(clock=4MHz) 
*
006B:  MOVLW  5D
006C:  MOVWF  04
006D:  BCF    03.7
006E:  MOVF   00,W
006F:  BTFSC  03.2
0070:  GOTO   07F
0071:  MOVLW  01
0072:  MOVWF  78
0073:  CLRF   77
0074:  DECFSZ 77,F
0075:  GOTO   074
0076:  DECFSZ 78,F
0077:  GOTO   073
0078:  MOVLW  4A
0079:  MOVWF  77
007A:  DECFSZ 77,F
007B:  GOTO   07A
007C:  GOTO   07D
007D:  DECFSZ 00,F
007E:  GOTO   071
007F:  RETURN
.................... #use rs232(baud=9600,xmit=pin_b2,rcv=pin_b1) 
....................  
.................... #include"lcd_4b.c" 
.................... #define rs pin_b4 
.................... #define en pin_b5 
.................... #define d4 pin_a6 
.................... #define d5 pin_a7 
.................... #define d6 pin_a0 
.................... #define d7 pin_a1 
....................  
.................... void lcd_cmd(int cmd) { 
.................... 	output_bit(d4, bit_test(cmd, 0)); 
*
0044:  BTFSC  5E.0
0045:  GOTO   048
0046:  BCF    05.6
0047:  GOTO   049
0048:  BSF    05.6
0049:  BSF    03.5
004A:  BCF    05.6
.................... 	output_bit(d5, bit_test(cmd, 1)); 
004B:  BCF    03.5
004C:  BTFSC  5E.1
004D:  GOTO   050
004E:  BCF    05.7
004F:  GOTO   051
0050:  BSF    05.7
0051:  BSF    03.5
0052:  BCF    05.7
.................... 	output_bit(d6, bit_test(cmd, 2)); 
0053:  BCF    03.5
0054:  BTFSC  5E.2
0055:  GOTO   058
0056:  BCF    05.0
0057:  GOTO   059
0058:  BSF    05.0
0059:  BSF    03.5
005A:  BCF    05.0
.................... 	output_bit(d7, bit_test(cmd, 3)); 
005B:  BCF    03.5
005C:  BTFSC  5E.3
005D:  GOTO   060
005E:  BCF    05.1
005F:  GOTO   061
0060:  BSF    05.1
0061:  BSF    03.5
0062:  BCF    05.1
.................... 	output_high(en); 
0063:  BCF    06.5
0064:  BCF    03.5
0065:  BSF    06.5
.................... 	output_low(en); 
0066:  BSF    03.5
0067:  BCF    06.5
0068:  BCF    03.5
0069:  BCF    06.5
.................... } 
006A:  RETURN
....................  
.................... void lcd_envia_byte(short endereco, int dado) { 
.................... 	output_low(rs); 
*
0080:  BSF    03.5
0081:  BCF    06.4
0082:  BCF    03.5
0083:  BCF    06.4
.................... 	output_bit(rs, endereco); 
0084:  MOVF   5B,F
0085:  BTFSS  03.2
0086:  GOTO   089
0087:  BCF    06.4
0088:  GOTO   08A
0089:  BSF    06.4
008A:  BSF    03.5
008B:  BCF    06.4
.................... 	delay_us(100); 
008C:  MOVLW  21
008D:  MOVWF  77
008E:  DECFSZ 77,F
008F:  GOTO   08E
.................... 	output_low(en); 
0090:  BCF    06.5
0091:  BCF    03.5
0092:  BCF    06.5
.................... 	lcd_cmd(dado >> 4); 
0093:  SWAPF  5C,W
0094:  MOVWF  5D
0095:  MOVLW  0F
0096:  ANDWF  5D,F
0097:  MOVF   5D,W
0098:  MOVWF  5E
0099:  CALL   044
.................... 	lcd_cmd(dado & 0x0f); 
009A:  MOVF   5C,W
009B:  ANDLW  0F
009C:  MOVWF  5D
009D:  MOVWF  5E
009E:  CALL   044
.................... 	delay_ms(1); 
009F:  MOVLW  01
00A0:  MOVWF  5D
00A1:  CALL   06B
.................... } 
00A2:  RETURN
....................  
.................... void lcd_pos_xy(byte x, byte y) { 
.................... 	byte endereco; 
.................... 	if (y != 1) 
00A3:  DECFSZ 59,W
00A4:  GOTO   0A6
00A5:  GOTO   0A9
.................... 		endereco = 0xc0; 
00A6:  MOVLW  C0
00A7:  MOVWF  5A
.................... 	else 
00A8:  GOTO   0AB
.................... 		endereco = 0x80; 
00A9:  MOVLW  80
00AA:  MOVWF  5A
.................... 	endereco += x - 1; 
00AB:  MOVLW  01
00AC:  SUBWF  58,W
00AD:  ADDWF  5A,F
.................... 	lcd_envia_byte(0, endereco); 
00AE:  CLRF   5B
00AF:  MOVF   5A,W
00B0:  MOVWF  5C
00B1:  CALL   080
.................... } 
00B2:  RETURN
....................  
.................... void lcd(char c) { 
.................... 	switch (c) { 
*
01AD:  MOVF   50,W
01AE:  XORLW  0C
01AF:  BTFSC  03.2
01B0:  GOTO   1BB
01B1:  XORLW  06
01B2:  BTFSC  03.2
01B3:  GOTO   1CF
01B4:  XORLW  07
01B5:  BTFSC  03.2
01B6:  GOTO   1CF
01B7:  XORLW  05
01B8:  BTFSC  03.2
01B9:  GOTO   1DB
01BA:  GOTO   1E6
.................... 	case '\f': 
01BB:  CLRF   28
01BC:  BTFSC  0B.7
01BD:  BSF    28.7
01BE:  BCF    0B.7
.................... 		lcd_envia_byte(0, 1);     // 0,1 
01BF:  CLRF   5B
01C0:  MOVLW  01
01C1:  MOVWF  5C
01C2:  CALL   080
01C3:  BTFSC  28.7
01C4:  BSF    0B.7
01C5:  CLRF   28
01C6:  BTFSC  0B.7
01C7:  BSF    28.7
01C8:  BCF    0B.7
.................... 		delay_ms(2); 
01C9:  MOVLW  02
01CA:  MOVWF  5D
01CB:  CALL   06B
01CC:  BTFSC  28.7
01CD:  BSF    0B.7
.................... 		break; 
01CE:  GOTO   1F2
.................... 	case '\n': 
.................... 	case '\r': 
01CF:  CLRF   28
01D0:  BTFSC  0B.7
01D1:  BSF    28.7
01D2:  BCF    0B.7
.................... 		lcd_pos_xy(1, 2);      // 1,2  COLUNA,LINHA 
01D3:  MOVLW  01
01D4:  MOVWF  58
01D5:  MOVLW  02
01D6:  MOVWF  59
01D7:  CALL   0A3
01D8:  BTFSC  28.7
01D9:  BSF    0B.7
.................... 		break; 
01DA:  GOTO   1F2
.................... 	case '\b': 
01DB:  CLRF   28
01DC:  BTFSC  0B.7
01DD:  BSF    28.7
01DE:  BCF    0B.7
.................... 		lcd_envia_byte(0, 0x10); 
01DF:  CLRF   5B
01E0:  MOVLW  10
01E1:  MOVWF  5C
01E2:  CALL   080
01E3:  BTFSC  28.7
01E4:  BSF    0B.7
.................... 		break; 
01E5:  GOTO   1F2
01E6:  CLRF   28
01E7:  BTFSC  0B.7
01E8:  BSF    28.7
01E9:  BCF    0B.7
.................... 	default: 
.................... 		lcd_envia_byte(1, c); 
01EA:  MOVLW  01
01EB:  MOVWF  5B
01EC:  MOVF   50,W
01ED:  MOVWF  5C
01EE:  CALL   080
01EF:  BTFSC  28.7
01F0:  BSF    0B.7
.................... 		break; 
01F1:  GOTO   1F2
.................... 	} 
.................... } 
01F2:  RETURN
....................  
.................... void lcd_init() { 
....................  
.................... 	int conta; 
....................  
.................... 	output_low(rs); 
*
0137:  BSF    03.5
0138:  BCF    06.4
0139:  BCF    03.5
013A:  BCF    06.4
.................... 	output_low(en); 
013B:  BSF    03.5
013C:  BCF    06.5
013D:  BCF    03.5
013E:  BCF    06.5
.................... 	output_low(d4); 
013F:  BSF    03.5
0140:  BCF    05.6
0141:  BCF    03.5
0142:  BCF    05.6
.................... 	output_low(d5); 
0143:  BSF    03.5
0144:  BCF    05.7
0145:  BCF    03.5
0146:  BCF    05.7
.................... 	output_low(d6); 
0147:  BSF    03.5
0148:  BCF    05.0
0149:  BCF    03.5
014A:  BCF    05.0
.................... 	output_low(d7); 
014B:  BSF    03.5
014C:  BCF    05.1
014D:  BCF    03.5
014E:  BCF    05.1
014F:  CLRF   28
0150:  BTFSC  0B.7
0151:  BSF    28.7
0152:  BCF    0B.7
....................  
.................... 	delay_ms(15); 
0153:  MOVLW  0F
0154:  MOVWF  5D
0155:  CALL   06B
0156:  BTFSC  28.7
0157:  BSF    0B.7
....................  
.................... 	for (conta = 1; conta <= 3; conta++) { 
0158:  MOVLW  01
0159:  MOVWF  4E
015A:  MOVF   4E,W
015B:  SUBLW  03
015C:  BTFSS  03.0
015D:  GOTO   172
015E:  CLRF   28
015F:  BTFSC  0B.7
0160:  BSF    28.7
0161:  BCF    0B.7
.................... 		lcd_cmd(0x03); 
0162:  MOVLW  03
0163:  MOVWF  5E
0164:  CALL   044
0165:  BTFSC  28.7
0166:  BSF    0B.7
0167:  CLRF   28
0168:  BTFSC  0B.7
0169:  BSF    28.7
016A:  BCF    0B.7
.................... 		delay_ms(5); 
016B:  MOVLW  05
016C:  MOVWF  5D
016D:  CALL   06B
016E:  BTFSC  28.7
016F:  BSF    0B.7
.................... 	} 
0170:  INCF   4E,F
0171:  GOTO   15A
0172:  CLRF   28
0173:  BTFSC  0B.7
0174:  BSF    28.7
0175:  BCF    0B.7
.................... 	lcd_cmd(0x02);           //escreve comando para interface de 4 vias de dados 
0176:  MOVLW  02
0177:  MOVWF  5E
0178:  CALL   044
0179:  BTFSC  28.7
017A:  BSF    0B.7
017B:  CLRF   28
017C:  BTFSC  0B.7
017D:  BSF    28.7
017E:  BCF    0B.7
.................... 	lcd_envia_byte(0, 0x28); //escreve comando informando lcd de 2 linhas (5x7) em 4bits 
017F:  CLRF   5B
0180:  MOVLW  28
0181:  MOVWF  5C
0182:  CALL   080
0183:  BTFSC  28.7
0184:  BSF    0B.7
0185:  CLRF   28
0186:  BTFSC  0B.7
0187:  BSF    28.7
0188:  BCF    0B.7
.................... 	lcd_envia_byte(0, 0x0c); //escreve comando para limpar todo o display 
0189:  CLRF   5B
018A:  MOVLW  0C
018B:  MOVWF  5C
018C:  CALL   080
018D:  BTFSC  28.7
018E:  BSF    0B.7
018F:  CLRF   28
0190:  BTFSC  0B.7
0191:  BSF    28.7
0192:  BCF    0B.7
.................... 	lcd_envia_byte(0, 0x01); //escreve comando para ligar o display **com cursor piscante 
0193:  CLRF   5B
0194:  MOVLW  01
0195:  MOVWF  5C
0196:  CALL   080
0197:  BTFSC  28.7
0198:  BSF    0B.7
0199:  CLRF   28
019A:  BTFSC  0B.7
019B:  BSF    28.7
019C:  BCF    0B.7
.................... 	lcd_envia_byte(0, 0x06); //escreve comando para incrementar automaticamente á direita 
019D:  CLRF   5B
019E:  MOVLW  06
019F:  MOVWF  5C
01A0:  CALL   080
01A1:  BTFSC  28.7
01A2:  BSF    0B.7
01A3:  CLRF   28
01A4:  BTFSC  0B.7
01A5:  BSF    28.7
01A6:  BCF    0B.7
.................... 	delay_ms(5); 
01A7:  MOVLW  05
01A8:  MOVWF  5D
01A9:  CALL   06B
01AA:  BTFSC  28.7
01AB:  BSF    0B.7
.................... } 
01AC:  GOTO   24D (RETURN)
....................  
....................  
....................  
.................... int buffer[2][16]; 
.................... int col, i, j; 
.................... short write = 1; 
.................... int line = 0; 
....................  
.................... #int_timer0 
.................... void timer_isr() { 
.................... 	clear_interrupt(INT_TIMER0); 
*
003E:  BCF    0B.2
.................... 	disable_interrupts(INT_TIMER0); 
003F:  BCF    0B.5
.................... 	write = 1; 
0040:  BSF    4C.0
.................... } 
....................  
0041:  BCF    0B.2
0042:  BCF    0A.3
0043:  GOTO   024
.................... #int_rda 
.................... void serial_isr() { 
.................... 	clear_interrupt(INT_RDA); 
*
00B3:  BCF    0C.5
.................... 	if (line < 16 && col < 2) { 
00B4:  MOVF   4D,W
00B5:  SUBLW  0F
00B6:  BTFSS  03.0
00B7:  GOTO   0CE
00B8:  MOVF   49,W
00B9:  SUBLW  01
00BA:  BTFSS  03.0
00BB:  GOTO   0CE
.................... 		buffer[col][line++] = getc(); 
00BC:  SWAPF  49,W
00BD:  MOVWF  58
00BE:  MOVLW  F0
00BF:  ANDWF  58,F
00C0:  MOVF   4D,W
00C1:  INCF   4D,F
00C2:  ADDWF  58,W
00C3:  ADDLW  29
00C4:  MOVWF  04
00C5:  BCF    03.7
00C6:  BTFSS  0C.5
00C7:  GOTO   0C6
00C8:  MOVF   1A,W
00C9:  MOVWF  00
.................... 		clear_interrupt(INT_TIMER0); 
00CA:  BCF    0B.2
.................... 		enable_interrupts(INT_TIMER0); 
00CB:  BSF    0B.5
.................... 		set_timer0(0); 
00CC:  CLRF   01
.................... 	} else 
00CD:  GOTO   0D0
.................... 		line = 0, col = 0; 
00CE:  CLRF   4D
00CF:  CLRF   49
.................... 	if (buffer[col][line - 1] == '\n') { 
00D0:  SWAPF  49,W
00D1:  MOVWF  58
00D2:  MOVLW  F0
00D3:  ANDWF  58,F
00D4:  MOVLW  01
00D5:  SUBWF  4D,W
00D6:  ADDWF  58,W
00D7:  ADDLW  29
00D8:  MOVWF  04
00D9:  BCF    03.7
00DA:  MOVF   00,W
00DB:  SUBLW  0A
00DC:  BTFSS  03.2
00DD:  GOTO   0F6
.................... 		lcd_pos_xy(1, 2); 
00DE:  MOVLW  01
00DF:  MOVWF  58
00E0:  MOVLW  02
00E1:  MOVWF  59
00E2:  CALL   0A3
.................... 		buffer[col][line - 1] = 0; 
00E3:  SWAPF  49,W
00E4:  MOVWF  58
00E5:  MOVLW  F0
00E6:  ANDWF  58,F
00E7:  MOVLW  01
00E8:  SUBWF  4D,W
00E9:  ADDWF  58,W
00EA:  ADDLW  29
00EB:  MOVWF  04
00EC:  BCF    03.7
00ED:  CLRF   00
.................... 		col++; 
00EE:  INCF   49,F
.................... 		line = 0; 
00EF:  CLRF   4D
.................... 		if (col > 1) 
00F0:  MOVF   49,W
00F1:  SUBLW  01
00F2:  BTFSC  03.0
00F3:  GOTO   0F6
.................... 			col = 1; 
00F4:  MOVLW  01
00F5:  MOVWF  49
.................... 	} 
.................... 	if (buffer[col][line - 1] == '\f') { 
00F6:  SWAPF  49,W
00F7:  MOVWF  58
00F8:  MOVLW  F0
00F9:  ANDWF  58,F
00FA:  MOVLW  01
00FB:  SUBWF  4D,W
00FC:  ADDWF  58,W
00FD:  ADDLW  29
00FE:  MOVWF  04
00FF:  BCF    03.7
0100:  MOVF   00,W
0101:  SUBLW  0C
0102:  BTFSS  03.2
0103:  GOTO   115
.................... 		lcd_envia_byte(0, 1); 
0104:  CLRF   5B
0105:  MOVLW  01
0106:  MOVWF  5C
0107:  CALL   080
.................... 		buffer[col][line - 1] = 0; 
0108:  SWAPF  49,W
0109:  MOVWF  58
010A:  MOVLW  F0
010B:  ANDWF  58,F
010C:  MOVLW  01
010D:  SUBWF  4D,W
010E:  ADDWF  58,W
010F:  ADDLW  29
0110:  MOVWF  04
0111:  BCF    03.7
0112:  CLRF   00
.................... 		col = 0; 
0113:  CLRF   49
.................... 		line = 0; 
0114:  CLRF   4D
.................... 	} 
.................... 	if (buffer[col][line - 1] == '\r') { 
0115:  SWAPF  49,W
0116:  MOVWF  58
0117:  MOVLW  F0
0118:  ANDWF  58,F
0119:  MOVLW  01
011A:  SUBWF  4D,W
011B:  ADDWF  58,W
011C:  ADDLW  29
011D:  MOVWF  04
011E:  BCF    03.7
011F:  MOVF   00,W
0120:  SUBLW  0D
0121:  BTFSS  03.2
0122:  GOTO   134
.................... 		lcd_pos_xy(1, 2); 
0123:  MOVLW  01
0124:  MOVWF  58
0125:  MOVLW  02
0126:  MOVWF  59
0127:  CALL   0A3
.................... 		buffer[col][line - 1] = 0; 
0128:  SWAPF  49,W
0129:  MOVWF  58
012A:  MOVLW  F0
012B:  ANDWF  58,F
012C:  MOVLW  01
012D:  SUBWF  4D,W
012E:  ADDWF  58,W
012F:  ADDLW  29
0130:  MOVWF  04
0131:  BCF    03.7
0132:  CLRF   00
.................... 		line = 0; 
0133:  CLRF   4D
.................... 	} 
.................... } 
....................  
0134:  BCF    0C.5
0135:  BCF    0A.3
0136:  GOTO   024
.................... int main(void) { 
*
01F3:  MOVF   03,W
01F4:  ANDLW  1F
01F5:  MOVWF  03
01F6:  MOVLW  57
01F7:  MOVWF  77
01F8:  MOVLW  20
01F9:  MOVWF  04
01FA:  BCF    03.7
01FB:  CLRF   00
01FC:  INCF   04,F
01FD:  DECFSZ 77,F
01FE:  GOTO   1FB
01FF:  CLRF   78
0200:  CLRF   79
0201:  CLRF   7A
0202:  CLRF   7B
0203:  CLRF   7C
0204:  CLRF   7D
0205:  CLRF   7E
0206:  MOVLW  50
0207:  MOVWF  77
0208:  MOVLW  A0
0209:  MOVWF  04
020A:  BCF    03.7
020B:  CLRF   00
020C:  INCF   04,F
020D:  DECFSZ 77,F
020E:  GOTO   20B
020F:  MOVLW  30
0210:  MOVWF  77
0211:  MOVLW  20
0212:  MOVWF  04
0213:  BSF    03.7
0214:  CLRF   00
0215:  INCF   04,F
0216:  DECFSZ 77,F
0217:  GOTO   214
0218:  BCF    03.7
0219:  CLRF   20
021A:  CLRF   04
021B:  BCF    03.7
021C:  MOVLW  1F
021D:  ANDWF  03,F
021E:  BSF    03.5
021F:  BSF    0E.3
0220:  MOVLW  19
0221:  MOVWF  19
0222:  MOVLW  A6
0223:  MOVWF  18
0224:  MOVLW  90
0225:  BCF    03.5
0226:  MOVWF  18
0227:  BSF    4C.0
0228:  CLRF   4D
0229:  MOVLW  07
022A:  MOVWF  1F
.................... 	for (i = 0; i < 16; i++) { 
022B:  CLRF   4A
022C:  MOVF   4A,W
022D:  SUBLW  0F
022E:  BTFSS  03.0
022F:  GOTO   23C
.................... 		buffer[0][i] = 0; 
0230:  MOVLW  29
0231:  ADDWF  4A,W
0232:  MOVWF  04
0233:  BCF    03.7
0234:  CLRF   00
.................... 		buffer[1][i] = 0; 
0235:  MOVLW  39
0236:  ADDWF  4A,W
0237:  MOVWF  04
0238:  BCF    03.7
0239:  CLRF   00
.................... 	} 
023A:  INCF   4A,F
023B:  GOTO   22C
.................... 	strcpy(buffer[1], "Done"); 
023C:  CLRF   4E
023D:  CLRF   4F
023E:  MOVLW  39
023F:  MOVWF  04
0240:  BCF    03.7
0241:  MOVF   4E,W
0242:  ADDWF  04,F
0243:  MOVF   4F,W
0244:  CALL   035
0245:  MOVWF  00
0246:  IORLW  00
0247:  BTFSC  03.2
0248:  GOTO   24C
0249:  INCF   4F,F
024A:  INCF   4E,F
024B:  GOTO   23E
.................... 	lcd_init(); 
024C:  GOTO   137
024D:  CLRF   28
024E:  BTFSC  0B.7
024F:  BSF    28.7
0250:  BCF    0B.7
.................... 	delay_ms(15); 
0251:  MOVLW  0F
0252:  MOVWF  5D
0253:  CALL   06B
0254:  BTFSC  28.7
0255:  BSF    0B.7
.................... 	setup_timer_0(T0_DIV_4); 
0256:  BSF    03.5
0257:  MOVF   01,W
0258:  ANDLW  C0
0259:  IORLW  01
025A:  MOVWF  01
.................... 	clear_interrupt(INT_TIMER0); 
025B:  BCF    03.5
025C:  BCF    0B.2
.................... 	enable_interrupts(INT_RDA); 
025D:  BSF    03.5
025E:  BSF    0C.5
.................... 	disable_interrupts(INT_TIMER0); 
025F:  BCF    03.5
0260:  BCF    0B.5
.................... 	enable_interrupts(GLOBAL); 
0261:  MOVLW  C0
0262:  IORWF  0B,F
.................... 	while (TRUE) { 
.................... 		if (write) { 
0263:  BTFSS  4C.0
0264:  GOTO   2A7
.................... 			printf(lcd, "%s", buffer[0]); 
0265:  MOVLW  29
0266:  MOVWF  04
0267:  BCF    03.7
0268:  MOVLW  00
0269:  IORWF  00,W
026A:  BTFSC  03.2
026B:  GOTO   27C
026C:  CLRF   4F
026D:  MOVF   04,W
026E:  MOVWF  4E
026F:  BCF    4F.0
0270:  BTFSC  03.7
0271:  BSF    4F.0
0272:  MOVF   00,W
0273:  MOVWF  50
0274:  CALL   1AD
0275:  MOVF   4E,W
0276:  MOVWF  04
0277:  BCF    03.7
0278:  BTFSC  4F.0
0279:  BSF    03.7
027A:  INCF   04,F
027B:  GOTO   268
.................... 			printf(lcd, "%s", buffer[1]); 
027C:  MOVLW  39
027D:  MOVWF  04
027E:  BCF    03.7
027F:  MOVLW  00
0280:  IORWF  00,W
0281:  BTFSC  03.2
0282:  GOTO   293
0283:  CLRF   4F
0284:  MOVF   04,W
0285:  MOVWF  4E
0286:  BCF    4F.0
0287:  BTFSC  03.7
0288:  BSF    4F.0
0289:  MOVF   00,W
028A:  MOVWF  50
028B:  CALL   1AD
028C:  MOVF   4E,W
028D:  MOVWF  04
028E:  BCF    03.7
028F:  BTFSC  4F.0
0290:  BSF    03.7
0291:  INCF   04,F
0292:  GOTO   27F
.................... 			for (i = 0; i < 16; i++) { 
0293:  CLRF   4A
0294:  MOVF   4A,W
0295:  SUBLW  0F
0296:  BTFSS  03.0
0297:  GOTO   2A4
.................... 				buffer[0][i] = 0; 
0298:  MOVLW  29
0299:  ADDWF  4A,W
029A:  MOVWF  04
029B:  BCF    03.7
029C:  CLRF   00
.................... 				buffer[1][i] = 0; 
029D:  MOVLW  39
029E:  ADDWF  4A,W
029F:  MOVWF  04
02A0:  BCF    03.7
02A1:  CLRF   00
.................... 			} 
02A2:  INCF   4A,F
02A3:  GOTO   294
.................... 			col = 0; 
02A4:  CLRF   49
.................... 			line = 0; 
02A5:  CLRF   4D
.................... 			write = 0; 
02A6:  BCF    4C.0
.................... 		} 
.................... 	} 
02A7:  GOTO   263
.................... 	return 0; 
02A8:  MOVLW  00
02A9:  MOVWF  78
.................... } 
02AA:  SLEEP

Configuration Fuses:
   Word  1: 3F18   NOWDT NOPUT INTRC_IO NOMCLR NOBROWNOUT NOLVP NOCPD NOPROTECT
